------------------------------------------------------------
TimeQuest Timing Analyzer Summary
------------------------------------------------------------

Type  : Slow 1200mV 85C Model Setup 'main_clk_50'
Slack : 4.548
TNS   : 0.000

Type  : Slow 1200mV 85C Model Setup 'altera_reserved_tck'
Slack : 42.339
TNS   : 0.000

Type  : Slow 1200mV 85C Model Hold 'main_clk_50'
Slack : 0.265
TNS   : 0.000

Type  : Slow 1200mV 85C Model Hold 'altera_reserved_tck'
Slack : 0.403
TNS   : 0.000

Type  : Slow 1200mV 85C Model Recovery 'main_clk_50'
Slack : 11.400
TNS   : 0.000

Type  : Slow 1200mV 85C Model Recovery 'altera_reserved_tck'
Slack : 47.648
TNS   : 0.000

Type  : Slow 1200mV 85C Model Removal 'altera_reserved_tck'
Slack : 1.159
TNS   : 0.000

Type  : Slow 1200mV 85C Model Removal 'main_clk_50'
Slack : 1.485
TNS   : 0.000

Type  : Slow 1200mV 85C Model Minimum Pulse Width 'main_clk_50'
Slack : 9.623
TNS   : 0.000

Type  : Slow 1200mV 85C Model Minimum Pulse Width 'altera_reserved_tck'
Slack : 49.570
TNS   : 0.000

Type  : Slow 1200mV 0C Model Setup 'main_clk_50'
Slack : 5.914
TNS   : 0.000

Type  : Slow 1200mV 0C Model Setup 'altera_reserved_tck'
Slack : 43.025
TNS   : 0.000

Type  : Slow 1200mV 0C Model Hold 'main_clk_50'
Slack : 0.267
TNS   : 0.000

Type  : Slow 1200mV 0C Model Hold 'altera_reserved_tck'
Slack : 0.354
TNS   : 0.000

Type  : Slow 1200mV 0C Model Recovery 'main_clk_50'
Slack : 12.111
TNS   : 0.000

Type  : Slow 1200mV 0C Model Recovery 'altera_reserved_tck'
Slack : 47.960
TNS   : 0.000

Type  : Slow 1200mV 0C Model Removal 'altera_reserved_tck'
Slack : 1.061
TNS   : 0.000

Type  : Slow 1200mV 0C Model Removal 'main_clk_50'
Slack : 1.361
TNS   : 0.000

Type  : Slow 1200mV 0C Model Minimum Pulse Width 'main_clk_50'
Slack : 9.644
TNS   : 0.000

Type  : Slow 1200mV 0C Model Minimum Pulse Width 'altera_reserved_tck'
Slack : 49.490
TNS   : 0.000

Type  : Fast 1200mV 0C Model Setup 'main_clk_50'
Slack : 10.480
TNS   : 0.000

Type  : Fast 1200mV 0C Model Setup 'altera_reserved_tck'
Slack : 46.286
TNS   : 0.000

Type  : Fast 1200mV 0C Model Hold 'main_clk_50'
Slack : 0.090
TNS   : 0.000

Type  : Fast 1200mV 0C Model Hold 'altera_reserved_tck'
Slack : 0.182
TNS   : 0.000

Type  : Fast 1200mV 0C Model Recovery 'main_clk_50'
Slack : 13.597
TNS   : 0.000

Type  : Fast 1200mV 0C Model Recovery 'altera_reserved_tck'
Slack : 49.000
TNS   : 0.000

Type  : Fast 1200mV 0C Model Removal 'altera_reserved_tck'
Slack : 0.553
TNS   : 0.000

Type  : Fast 1200mV 0C Model Removal 'main_clk_50'
Slack : 0.705
TNS   : 0.000

Type  : Fast 1200mV 0C Model Minimum Pulse Width 'main_clk_50'
Slack : 9.371
TNS   : 0.000

Type  : Fast 1200mV 0C Model Minimum Pulse Width 'altera_reserved_tck'
Slack : 49.457
TNS   : 0.000

------------------------------------------------------------
